Copyright 1986-2022 Xilinx, Inc. All Rights Reserved. Copyright 2022-2023 Advanced Micro Devices, Inc. All Rights Reserved.
---------------------------------------------------------------------------------------------------------------------------------------------
| Tool Version : Vivado v.2023.1 (win64) Build 3865809 Sun May  7 15:05:29 MDT 2023
| Date         : Thu Jun 20 12:26:19 2024
| Host         : DESKTOP-0DO9HHF running 64-bit major release  (build 9200)
| Command      : report_control_sets -verbose -file top_control_sets_placed.rpt
| Design       : top
| Device       : xc7a100t
---------------------------------------------------------------------------------------------------------------------------------------------

Control Set Information

Table of Contents
-----------------
1. Summary
2. Histogram
3. Flip-Flop Distribution
4. Detailed Control Set Information

1. Summary
----------

+----------------------------------------------------------+-------+
|                          Status                          | Count |
+----------------------------------------------------------+-------+
| Total control sets                                       |    43 |
|    Minimum number of control sets                        |    43 |
|    Addition due to synthesis replication                 |     0 |
|    Addition due to physical synthesis replication        |     0 |
| Unused register locations in slices containing registers |   124 |
+----------------------------------------------------------+-------+
* Control sets can be merged at opt_design using control_set_merge or merge_equivalent_drivers
** Run report_qor_suggestions for automated merging and remapping suggestions


2. Histogram
------------

+--------------------+-------+
|       Fanout       | Count |
+--------------------+-------+
| Total control sets |    43 |
| >= 0 to < 4        |     4 |
| >= 4 to < 6        |     5 |
| >= 6 to < 8        |     2 |
| >= 8 to < 10       |    15 |
| >= 10 to < 12      |     2 |
| >= 12 to < 14      |     3 |
| >= 14 to < 16      |     2 |
| >= 16              |    10 |
+--------------------+-------+
* Control sets can be remapped at either synth_design or opt_design


3. Flip-Flop Distribution
-------------------------

+--------------+-----------------------+------------------------+-----------------+--------------+
| Clock Enable | Synchronous Set/Reset | Asynchronous Set/Reset | Total Registers | Total Slices |
+--------------+-----------------------+------------------------+-----------------+--------------+
| No           | No                    | No                     |              30 |           12 |
| No           | No                    | Yes                    |               0 |            0 |
| No           | Yes                   | No                     |              59 |           29 |
| Yes          | No                    | No                     |              48 |           19 |
| Yes          | No                    | Yes                    |               0 |            0 |
| Yes          | Yes                   | No                     |             323 |           93 |
+--------------+-----------------------+------------------------+-----------------+--------------+


4. Detailed Control Set Information
-----------------------------------

+----------------+------------------------------------------------------------------------------------------------------------------------+------------------------------------------------------------------------------------------------------------------------+------------------+----------------+--------------+
|  Clock Signal  |                                                      Enable Signal                                                     |                                                    Set/Reset Signal                                                    | Slice Load Count | Bel Load Count | Bels / Slice |
+----------------+------------------------------------------------------------------------------------------------------------------------+------------------------------------------------------------------------------------------------------------------------+------------------+----------------+--------------+
|  clk_IBUF_BUFG | impl_uart_tx/txd_reg_i_2_n_0                                                                                           | impl_uart_tx/txd_reg_i_1_n_0                                                                                           |                1 |              1 |         1.00 |
|  clk_IBUF_BUFG | impl_i2c_master/sda_o_next11_out                                                                                       | impl_middle/SR[0]                                                                                                      |                1 |              1 |         1.00 |
|  clk_IBUF_BUFG |                                                                                                                        | impl_fifo/inst/gen_fifo.xpm_fifo_axis_inst/xpm_fifo_base_inst/xpm_fifo_rst_inst/rst_i                                  |                1 |              3 |         3.00 |
|  clk_IBUF_BUFG |                                                                                                                        | impl_fifo2/inst/gen_fifo.xpm_fifo_axis_inst/xpm_fifo_base_inst/xpm_fifo_rst_inst/rst_i                                 |                1 |              3 |         3.00 |
|  clk_IBUF_BUFG | impl_middle/prescale_next                                                                                              | impl_middle/SR[0]                                                                                                      |                1 |              4 |         4.00 |
|  clk_IBUF_BUFG | impl_i2c_master/phy_state_next                                                                                         | impl_middle/SR[0]                                                                                                      |                2 |              4 |         2.00 |
|  clk_IBUF_BUFG | impl_uart_tx/bit_counter[3]_i_2__0_n_0                                                                                 | impl_uart_tx/bit_counter[3]_i_1__0_n_0                                                                                 |                1 |              4 |         4.00 |
|  clk_IBUF_BUFG | impl_i2c_master/bit_count_reg[3]_i_1_n_0                                                                               |                                                                                                                        |                2 |              4 |         2.00 |
|  clk_IBUF_BUFG | impl_uart_rx/next_bit                                                                                                  | impl_uart_rx/bit_counter[3]_i_1_n_0                                                                                    |                2 |              4 |         2.00 |
|  clk_IBUF_BUFG | impl_middle/s_axis_cmd_address_next                                                                                    | impl_middle/SR[0]                                                                                                      |                2 |              7 |         3.50 |
|  clk_IBUF_BUFG | impl_uart_tx/data_to_send[6]_i_1_n_0                                                                                   | impl_middle/SR[0]                                                                                                      |                2 |              7 |         3.50 |
|  clk_IBUF_BUFG |                                                                                                                        | impl_switch/inst/gen_int_arbiter.gen_arbiter.axis_switch_v1_1_28_axis_switch_arbiter/areset                            |                3 |              8 |         2.67 |
|  clk_IBUF_BUFG |                                                                                                                        | impl_fifo2/inst/gen_fifo.xpm_fifo_axis_inst/xpm_fifo_base_inst/xpm_fifo_rst_inst/gen_rst_cc.fifo_wr_rst_cc_reg[2]_0[0] |                3 |              8 |         2.67 |
|  clk_IBUF_BUFG | impl_middle/num_byte_next                                                                                              | impl_middle/SR[0]                                                                                                      |                4 |              8 |         2.00 |
|  clk_IBUF_BUFG | impl_uart_rx/uart_rx_data[7]_i_1_n_0                                                                                   | impl_middle/SR[0]                                                                                                      |                1 |              8 |         8.00 |
|  clk_IBUF_BUFG | impl_uart_rx/E[0]                                                                                                      | impl_middle/SR[0]                                                                                                      |                1 |              8 |         8.00 |
|  clk_IBUF_BUFG | impl_uart_rx/recieved_data0                                                                                            | impl_uart_rx/recieved_data[7]_i_1_n_0                                                                                  |                1 |              8 |         8.00 |
|  clk_IBUF_BUFG | impl_i2c_master/data_reg[7]_i_1_n_0                                                                                    |                                                                                                                        |                4 |              8 |         2.00 |
|  clk_IBUF_BUFG | impl_middle/s_axis_data_tdata_next                                                                                     | impl_middle/SR[0]                                                                                                      |                2 |              8 |         4.00 |
|  clk_IBUF_BUFG | impl_i2c_master/m_axis_data_tdata_reg[7]_i_1_n_0                                                                       |                                                                                                                        |                2 |              8 |         4.00 |
|  clk_IBUF_BUFG | impl_i2c_master/E[0]                                                                                                   | impl_middle/SR[0]                                                                                                      |                3 |              8 |         2.67 |
|  clk_IBUF_BUFG |                                                                                                                        | impl_fifo/inst/gen_fifo.xpm_fifo_axis_inst/xpm_fifo_base_inst/xpm_fifo_rst_inst/gen_rst_cc.fifo_wr_rst_cc_reg[2]_0[0]  |                3 |              8 |         2.67 |
|  clk_IBUF_BUFG | impl_fifo2/inst/gen_fifo.xpm_fifo_axis_inst/xpm_fifo_base_inst/rdp_inst/FSM_sequential_gen_fwft.curr_fwft_state_reg[1] |                                                                                                                        |                4 |              9 |         2.25 |
|  clk_IBUF_BUFG | impl_fifo2/inst/gen_fifo.xpm_fifo_axis_inst/xpm_fifo_base_inst/gen_fwft.ram_regout_en                                  | impl_fifo2/inst/gen_fifo.xpm_fifo_axis_inst/xpm_fifo_base_inst/xpm_fifo_rst_inst/gen_rst_cc.fifo_wr_rst_cc_reg[2]_0[0] |                2 |              9 |         4.50 |
|  clk_IBUF_BUFG | impl_fifo/inst/gen_fifo.xpm_fifo_axis_inst/xpm_fifo_base_inst/rdp_inst/FSM_sequential_gen_fwft.curr_fwft_state_reg[1]  |                                                                                                                        |                4 |              9 |         2.25 |
|  clk_IBUF_BUFG | impl_fifo/inst/gen_fifo.xpm_fifo_axis_inst/xpm_fifo_base_inst/gen_fwft.ram_regout_en                                   | impl_fifo/inst/gen_fifo.xpm_fifo_axis_inst/xpm_fifo_base_inst/xpm_fifo_rst_inst/gen_rst_cc.fifo_wr_rst_cc_reg[2]_0[0]  |                2 |              9 |         4.50 |
|  clk_IBUF_BUFG | impl_middle/FSM_onehot_stato_reg[9]_i_1_n_0                                                                            | impl_middle/SR[0]                                                                                                      |                3 |             10 |         3.33 |
|  clk_IBUF_BUFG | impl_i2c_master/addr_reg[6]_i_1_n_0                                                                                    |                                                                                                                        |                3 |             10 |         3.33 |
|  clk_IBUF_BUFG | impl_fifo2/inst/gen_fifo.xpm_fifo_axis_inst/xpm_fifo_base_inst/rdp_inst/FSM_sequential_gen_fwft.curr_fwft_state_reg[1] | impl_fifo2/inst/gen_fifo.xpm_fifo_axis_inst/xpm_fifo_base_inst/xpm_fifo_rst_inst/gen_rst_cc.fifo_wr_rst_cc_reg[2]_0[0] |                3 |             12 |         4.00 |
|  clk_IBUF_BUFG | impl_fifo/inst/gen_fifo.xpm_fifo_axis_inst/xpm_fifo_base_inst/rdp_inst/FSM_sequential_gen_fwft.curr_fwft_state_reg[1]  | impl_fifo/inst/gen_fifo.xpm_fifo_axis_inst/xpm_fifo_base_inst/xpm_fifo_rst_inst/gen_rst_cc.fifo_wr_rst_cc_reg[2]_0[0]  |                7 |             12 |         1.71 |
|  clk_IBUF_BUFG | impl_i2c_master/p_4_in                                                                                                 | impl_middle/SR[0]                                                                                                      |                5 |             12 |         2.40 |
|  clk_IBUF_BUFG | impl_uart_rx/cycle_counter0                                                                                            | impl_uart_rx/cycle_counter[0]_i_1_n_0                                                                                  |                4 |             15 |         3.75 |
|  clk_IBUF_BUFG | impl_uart_tx/txd_reg_i_2_n_0                                                                                           | impl_uart_tx/cycle_counter[0]_i_1__0_n_0                                                                               |                4 |             15 |         3.75 |
|  clk_IBUF_BUFG | impl_fifo2/inst/gen_fifo.xpm_fifo_axis_inst/xpm_fifo_base_inst/xpm_fifo_rst_inst/ram_wr_en_i                           |                                                                                                                        |                4 |             16 |         4.00 |
|  clk_IBUF_BUFG | impl_fifo/inst/gen_fifo.xpm_fifo_axis_inst/xpm_fifo_base_inst/xpm_fifo_rst_inst/ram_wr_en_i                            |                                                                                                                        |                4 |             16 |         4.00 |
|  clk_IBUF_BUFG | impl_i2c_master/delay_reg[16]_i_1_n_0                                                                                  | impl_middle/SR[0]                                                                                                      |                4 |             17 |         4.25 |
|  clk_IBUF_BUFG | impl_fifo/inst/gen_fifo.xpm_fifo_axis_inst/xpm_fifo_base_inst/xpm_fifo_rst_inst/ram_wr_en_i                            | impl_fifo/inst/gen_fifo.xpm_fifo_axis_inst/xpm_fifo_base_inst/xpm_fifo_rst_inst/gen_rst_cc.fifo_wr_rst_cc_reg[2]_0[0]  |                6 |             18 |         3.00 |
|  clk_IBUF_BUFG | impl_fifo2/inst/gen_fifo.xpm_fifo_axis_inst/xpm_fifo_base_inst/xpm_fifo_rst_inst/ram_wr_en_i                           | impl_fifo2/inst/gen_fifo.xpm_fifo_axis_inst/xpm_fifo_base_inst/xpm_fifo_rst_inst/gen_rst_cc.fifo_wr_rst_cc_reg[2]_0[0] |                5 |             18 |         3.60 |
|  clk_IBUF_BUFG |                                                                                                                        | impl_middle/SR[0]                                                                                                      |               18 |             29 |         1.61 |
|  clk_IBUF_BUFG |                                                                                                                        |                                                                                                                        |               12 |             30 |         2.50 |
|  clk_IBUF_BUFG | impl_fifo/inst/gen_fifo.xpm_fifo_axis_inst/gaxis_pkt_fifo_cc.axis_pkt_cnt[0]_i_1_n_0                                   | impl_fifo/inst/gen_fifo.xpm_fifo_axis_inst/gaxis_rst_sync.xpm_cdc_sync_rst_inst/syncstages_ff[3]                       |                8 |             32 |         4.00 |
|  clk_IBUF_BUFG | impl_i2c_master/m_axis_data_tvalid_reg_reg_0                                                                           | impl_middle/SR[0]                                                                                                      |                8 |             32 |         4.00 |
|  clk_IBUF_BUFG | impl_fifo2/inst/gen_fifo.xpm_fifo_axis_inst/gaxis_pkt_fifo_cc.axis_pkt_cnt[0]_i_1_n_0                                  | impl_fifo2/inst/gen_fifo.xpm_fifo_axis_inst/gaxis_rst_sync.xpm_cdc_sync_rst_inst/syncstages_ff[3]                      |                8 |             32 |         4.00 |
+----------------+------------------------------------------------------------------------------------------------------------------------+------------------------------------------------------------------------------------------------------------------------+------------------+----------------+--------------+


