#-----------------------------------------------------------
# Vivado v2023.1 (64-bit)
# SW Build 3865809 on Sun May  7 15:05:29 MDT 2023
# IP Build 3864474 on Sun May  7 20:36:21 MDT 2023
# SharedData Build 3865790 on Sun May 07 13:33:03 MDT 2023
# Start of session at: Wed May 29 16:57:06 2024
# Process ID: 4768
# Current directory: C:/Users/Francesco/Documents/TESI/Progetti/I2C_CONNECTION_MOD
# Command line: vivado.exe -gui_launcher_event rodinguilauncherevent4736 C:\Users\Francesco\Documents\TESI\Progetti\I2C_CONNECTION_MOD\I2C_CONNECTION_MOD.xpr
# Log file: C:/Users/Francesco/Documents/TESI/Progetti/I2C_CONNECTION_MOD/vivado.log
# Journal file: C:/Users/Francesco/Documents/TESI/Progetti/I2C_CONNECTION_MOD\vivado.jou
# Running On: DESKTOP-0DO9HHF, OS: Windows, CPU Frequency: 2000 MHz, CPU Physical cores: 4, Host memory: 5363 MB
#-----------------------------------------------------------
start_gui
open_project C:/Users/Francesco/Documents/TESI/Progetti/I2C_CONNECTION_MOD/I2C_CONNECTION_MOD.xpr
update_compile_order -fileset sources_1
launch_simulation
source test_i2c_middle.tcl
restart
run 10 us
restart
run all
run 10 us
run 10 us
restart
run all
restart
run all
save_wave_config {C:/Users/Francesco/Documents/TESI/Progetti/I2C_CONNECTION_MOD/test_i2c_middle_behav.wcfg}
add_files -fileset sim_1 -norecurse C:/Users/Francesco/Documents/TESI/Progetti/I2C_CONNECTION_MOD/test_i2c_middle_behav.wcfg
set_property xsim.view C:/Users/Francesco/Documents/TESI/Progetti/I2C_CONNECTION_MOD/test_i2c_middle_behav.wcfg [get_filesets sim_1]
close_sim
