#-----------------------------------------------------------
# Vivado v2023.1 (64-bit)
# SW Build 3865809 on Sun May  7 15:05:29 MDT 2023
# IP Build 3864474 on Sun May  7 20:36:21 MDT 2023
# SharedData Build 3865790 on Sun May 07 13:33:03 MDT 2023
# Start of session at: Mon Jun  3 12:58:07 2024
# Process ID: 2756
# Current directory: C:/Users/Francesco/Documents/TESI/Progetti/I2C_CONNECTION_MOD/I2C_CONNECTION_MOD.runs/axis_switch_0_synth_1
# Command line: vivado.exe -log axis_switch_0.vds -product Vivado -mode batch -messageDb vivado.pb -notrace -source axis_switch_0.tcl
# Log file: C:/Users/Francesco/Documents/TESI/Progetti/I2C_CONNECTION_MOD/I2C_CONNECTION_MOD.runs/axis_switch_0_synth_1/axis_switch_0.vds
# Journal file: C:/Users/Francesco/Documents/TESI/Progetti/I2C_CONNECTION_MOD/I2C_CONNECTION_MOD.runs/axis_switch_0_synth_1\vivado.jou
# Running On: DESKTOP-0DO9HHF, OS: Windows, CPU Frequency: 2000 MHz, CPU Physical cores: 4, Host memory: 5363 MB
#-----------------------------------------------------------
source axis_switch_0.tcl -notrace
